{
  "version": "1.5.0",
  "plugins_used": [
    {
      "name": "ArtifactoryDetector"
    },
    {
      "name": "AWSKeyDetector"
    },
    {
      "name": "AzureStorageKeyDetector"
    },
    {
      "name": "Base64HighEntropyString",
      "limit": 4.5
    },
    {
      "name": "BasicAuthDetector"
    },
    {
      "name": "CloudantDetector"
    },
    {
      "name": "DiscordBotTokenDetector"
    },
    {
      "name": "GitHubTokenDetector"
    },
    {
      "name": "GitLabTokenDetector"
    },
    {
      "name": "HexHighEntropyString",
      "limit": 3.0
    },
    {
      "name": "IbmCloudIamDetector"
    },
    {
      "name": "IbmCosHmacDetector"
    },
    {
      "name": "IPPublicDetector"
    },
    {
      "name": "JwtTokenDetector"
    },
    {
      "name": "KeywordDetector",
      "keyword_exclude": ""
    },
    {
      "name": "MailchimpDetector"
    },
    {
      "name": "NpmDetector"
    },
    {
      "name": "OpenAIDetector"
    },
    {
      "name": "PrivateKeyDetector"
    },
    {
      "name": "PypiTokenDetector"
    },
    {
      "name": "SendGridDetector"
    },
    {
      "name": "SlackDetector"
    },
    {
      "name": "SoftlayerDetector"
    },
    {
      "name": "SquareOAuthDetector"
    },
    {
      "name": "StripeDetector"
    },
    {
      "name": "TelegramBotTokenDetector"
    },
    {
      "name": "TwilioKeyDetector"
    }
  ],
  "filters_used": [
    {
      "path": "detect_secrets.filters.allowlist.is_line_allowlisted"
    },
    {
      "path": "detect_secrets.filters.common.is_ignored_due_to_verification_policies",
      "min_level": 2
    },
    {
      "path": "detect_secrets.filters.heuristic.is_indirect_reference"
    },
    {
      "path": "detect_secrets.filters.heuristic.is_likely_id_string"
    },
    {
      "path": "detect_secrets.filters.heuristic.is_lock_file"
    },
    {
      "path": "detect_secrets.filters.heuristic.is_not_alphanumeric_string"
    },
    {
      "path": "detect_secrets.filters.heuristic.is_potential_uuid"
    },
    {
      "path": "detect_secrets.filters.heuristic.is_prefixed_with_dollar_sign"
    },
    {
      "path": "detect_secrets.filters.heuristic.is_sequential_string"
    },
    {
      "path": "detect_secrets.filters.heuristic.is_swagger_file"
    },
    {
      "path": "detect_secrets.filters.heuristic.is_templated_secret"
    }
  ],
  "results": {
    "artifacts\\active_learning_metrics.json": [
      {
        "type": "Hex High Entropy String",
        "filename": "artifacts\\active_learning_metrics.json",
        "hashed_secret": "cde70537358b32e49e118d00e7055e92161bcc05",
        "is_verified": false,
        "line_number": 12
      }
    ],
    "artifacts\\calibration_metrics.json": [
      {
        "type": "Hex High Entropy String",
        "filename": "artifacts\\calibration_metrics.json",
        "hashed_secret": "7c01175e0f11aada9ec6ca11a203c24d1743bca1",
        "is_verified": false,
        "line_number": 5
      }
    ],
    "artifacts\\umap_metrics.json": [
      {
        "type": "Hex High Entropy String",
        "filename": "artifacts\\umap_metrics.json",
        "hashed_secret": "22501f194a7658bb51513a8c61c6711acbe2beed",
        "is_verified": false,
        "line_number": 5
      }
    ],
    "configs\\run_config.json": [
      {
        "type": "Hex High Entropy String",
        "filename": "configs\\run_config.json",
        "hashed_secret": "ae9a88ac4f6553bf6d1db36258722153a09a0c4a",
        "is_verified": false,
        "line_number": 3
      }
    ],
    "data\\splits\\gz_desi_volunteer_decals_split.run_config.json": [
      {
        "type": "Hex High Entropy String",
        "filename": "data\\splits\\gz_desi_volunteer_decals_split.run_config.json",
        "hashed_secret": "2efd33bbaf23de980028b63a28b212bff1b084c9",
        "is_verified": false,
        "line_number": 3
      }
    ],
    "data\\splits\\run_config.json": [
      {
        "type": "Hex High Entropy String",
        "filename": "data\\splits\\run_config.json",
        "hashed_secret": "c5706eb0f05fe006bd27b26db2a1bcb095f7387c",
        "is_verified": false,
        "line_number": 41
      }
    ],
    "releases\\gz_desi_dirichlet_v1.meta.json": [
      {
        "type": "Hex High Entropy String",
        "filename": "releases\\gz_desi_dirichlet_v1.meta.json",
        "hashed_secret": "cc92865772f9331d755208765fa29fe4901a20d4",
        "is_verified": false,
        "line_number": 9
      },
      {
        "type": "Hex High Entropy String",
        "filename": "releases\\gz_desi_dirichlet_v1.meta.json",
        "hashed_secret": "737059224153e841a6e58a0e1dbf80ce81b6f451",
        "is_verified": false,
        "line_number": 15
      }
    ],
    "runs\\m1_vit_baseline\\run_config.json": [
      {
        "type": "Hex High Entropy String",
        "filename": "runs\\m1_vit_baseline\\run_config.json",
        "hashed_secret": "aa4185276fb8e7944d2cd7f655da5c0cb6d763fb",
        "is_verified": false,
        "line_number": 45
      }
    ],
    "runs\\m1_zoobot_finetune\\interpretability\\run_config.json": [
      {
        "type": "Hex High Entropy String",
        "filename": "runs\\m1_zoobot_finetune\\interpretability\\run_config.json",
        "hashed_secret": "79c90c6151d80635778dc782226bcfb64daba01b",
        "is_verified": false,
        "line_number": 7
      }
    ],
    "runs\\m1_zoobot_finetune\\run_config.json": [
      {
        "type": "Hex High Entropy String",
        "filename": "runs\\m1_zoobot_finetune\\run_config.json",
        "hashed_secret": "ca1ff302b67ca24a1c0471f727f87dc6b9ef3861",
        "is_verified": false,
        "line_number": 48
      }
    ],
    "runs\\m2_w23_reproduction\\run_config.json": [
      {
        "type": "Hex High Entropy String",
        "filename": "runs\\m2_w23_reproduction\\run_config.json",
        "hashed_secret": "2efd33bbaf23de980028b63a28b212bff1b084c9",
        "is_verified": false,
        "line_number": 52
      }
    ],
    "runs\\m3_dirichlet\\calibrated_metrics.json": [
      {
        "type": "Hex High Entropy String",
        "filename": "runs\\m3_dirichlet\\calibrated_metrics.json",
        "hashed_secret": "37a8c1290e2454c19287ad96a76389c1c38a35ab",
        "is_verified": false,
        "line_number": 6
      }
    ],
    "runs\\m3_dirichlet\\inference_dry_run.json": [
      {
        "type": "Hex High Entropy String",
        "filename": "runs\\m3_dirichlet\\inference_dry_run.json",
        "hashed_secret": "50c839d8a2d7f08a87f24dd2ef2932575f558343",
        "is_verified": false,
        "line_number": 9
      }
    ],
    "runs\\m3_dirichlet\\run_config.json": [
      {
        "type": "Hex High Entropy String",
        "filename": "runs\\m3_dirichlet\\run_config.json",
        "hashed_secret": "37a8c1290e2454c19287ad96a76389c1c38a35ab",
        "is_verified": false,
        "line_number": 61
      }
    ]
  },
  "generated_at": "2026-05-12T18:57:54Z"
}
